---
source: crates/cockpit-editor/tests/golden_highlight.rs
expression: "snapshot_with(Language::Go, \"go_basic\", source)"
---
case:   go_basic
source: "// Package main greets the world.\npackage main\n\nimport \"fmt\"\n\n//go:generate stringer -type=Color\ntype Color int\n\ntype Greeter interface {\n\tHello() string\n}\n\ntype World struct {\n\tName string\n}\n\nfunc (w *World) Hello() string {\n\treturn fmt.Sprintf(\"hello %s\", w.Name)\n}\n\nfunc pump(ch chan<- int) {\n\tch <- 1\n}\n\nfunc main() {\n\tw := &World{Name: \"world\"}\n\tfmt.Println(w.Hello())\n}\n"
spans:
  Comment       0..33  "// Package main greets the world."
  Keyword      34..41  "package"
  Keyword      48..54  "import"
  String       55..60  "\"fmt\""
  Comment      62..96  "//go:generate stringer -type=Color"
  Keyword      97..101 "type"
  Type        102..107 "Color"
  Type        108..111 "int"
  Keyword     113..117 "type"
  Type        118..125 "Greeter"
  Keyword     126..135 "interface"
  Variable    139..144 "Hello"
  Type        147..153 "string"
  Keyword     157..161 "type"
  Type        162..167 "World"
  Keyword     168..174 "struct"
  Variable    178..182 "Name"
  Type        183..189 "string"
  Keyword     193..197 "func"
  Operator    201..202 "*"
  Type        202..207 "World"
  Variable    209..214 "Hello"
  Type        217..223 "string"
  Keyword     227..233 "return"
  Variable    238..245 "Sprintf"
  String      246..256 "\"hello %s\""
  Variable    260..264 "Name"
  Keyword     269..273 "func"
  Function    274..278 "pump"
  Keyword     282..286 "chan"
  Operator    286..288 "<-"
  Type        289..292 "int"
  Operator    300..302 "<-"
  Keyword     308..312 "func"
  Function    313..317 "main"
  Operator    325..327 ":="
  Operator    328..329 "&"
  Type        329..334 "World"
  String      341..348 "\"world\""
  Variable    355..362 "Println"
  Variable    365..370 "Hello"
